// Vitest Snapshot v1, https://vitest.dev/guide/snapshot.html

exports[`parseAltoPage > parses alto lines 2`] = `
{
  "children": [
    {
      "children": [
        {
          "children": [
            {
              "confidence": 0.8095238,
              "height": 81,
              "text": "J",
              "type": "word",
              "width": 36,
              "x": 3960,
              "y": 981,
            },
            " ",
            {
              "confidence": 0.8095238,
              "height": 66,
              "text": "a",
              "type": "word",
              "width": 42,
              "x": 4032,
              "y": 993,
            },
            " ",
            {
              "confidence": 0.95238096,
              "height": 81,
              "text": "Ira",
              "type": "word",
              "width": 228,
              "x": 4143,
              "y": 972,
            },
            " ",
            {
              "confidence": 0.8095238,
              "height": 84,
              "text": "mj",
              "type": "word",
              "width": 81,
              "x": 4818,
              "y": 975,
            },
            " ",
            {
              "confidence": 0.8095238,
              "height": 63,
              "text": "iI",
              "type": "word",
              "width": 105,
              "x": 5586,
              "y": 984,
            },
            " ",
            {
              "confidence": 0.8095238,
              "height": 90,
              "text": "tE1r",
              "type": "word",
              "width": 810,
              "x": 6108,
              "y": 972,
            },
            " ",
            {
              "confidence": 0.8095238,
              "height": 51,
              "text": "3",
              "type": "word",
              "width": 27,
              "x": 7503,
              "y": 1008,
            },
          ],
          "height": 90,
          "type": "line",
          "width": 3570,
          "x": 3960,
          "y": 972,
        },
        {
          "children": [
            {
              "confidence": 0.8095238,
              "height": 39,
              "text": "i",
              "type": "word",
              "width": 24,
              "x": 6792,
              "y": 1065,
            },
          ],
          "height": 39,
          "type": "line",
          "width": 24,
          "x": 6792,
          "y": 1065,
        },
        {
          "children": [
            {
              "confidence": 0.8095238,
              "height": 42,
              "text": "c",
              "type": "word",
              "width": 30,
              "x": 2517,
              "y": 1125,
            },
          ],
          "height": 42,
          "type": "line",
          "width": 30,
          "x": 2517,
          "y": 1125,
        },
        {
          "children": [
            {
              "choices": [
                {
                  "text": "Jails",
                },
              ],
              "confidence": 0.8095238,
              "height": 1269,
              "text": "JiLas",
              "type": "word",
              "width": 2052,
              "x": 294,
              "y": 1404,
            },
            " ",
            {
              "confidence": 0.95238096,
              "height": 219,
              "text": "Edition",
              "type": "word",
              "width": 1023,
              "x": 2619,
              "y": 2184,
            },
            " ",
            {
              "choices": [
                {
                  "text": "TIIE",
                },
                {
                  "text": "TIE",
                },
              ],
              "confidence": 1,
              "height": 771,
              "text": "THE",
              "type": "word",
              "width": 1920,
              "x": 4320,
              "y": 1839,
            },
            " ",
            {
              "confidence": 1,
              "height": 792,
              "text": "WINCHESTER",
              "type": "word",
              "width": 6312,
              "x": 6744,
              "y": 1833,
            },
            " ",
            {
              "confidence": 1,
              "height": 771,
              "text": "NEWS",
              "type": "word",
              "width": 2736,
              "x": 13584,
              "y": 1824,
            },
          ],
          "height": 1269,
          "type": "line",
          "width": 16026,
          "x": 294,
          "y": 1404,
        },
        {
          "children": [
            {
              "confidence": 0.8095238,
              "height": 246,
              "text": "I",
              "type": "word",
              "width": 15,
              "x": 4020,
              "y": 3252,
            },
            " ",
            {
              "confidence": 1,
              "height": 108,
              "text": "her",
              "type": "word",
              "width": 201,
              "x": 4083,
              "y": 3270,
            },
            " ",
            {
              "choices": [
                {
                  "text": "inlurie",
                },
                {
                  "text": "inure",
                },
              ],
              "confidence": 0.95238096,
              "height": 132,
              "text": "injuries",
              "type": "word",
              "width": 480,
              "x": 4338,
              "y": 3270,
            },
            " ",
            {
              "choices": [
                {
                  "text": "W1S",
                },
                {
                  "text": "ams",
                },
                {
                  "text": "sis",
                },
                {
                  "text": "aims",
                },
              ],
              "confidence": 0.82539684,
              "height": 72,
              "text": "wsis",
              "type": "word",
              "width": 246,
              "x": 4872,
              "y": 3309,
            },
            " ",
            {
              "choices": [
                {
                  "text": "mncle",
                },
                {
                  "text": "manacle",
                },
              ],
              "confidence": 1,
              "height": 108,
              "text": "made",
              "type": "word",
              "width": 327,
              "x": 5181,
              "y": 3279,
            },
            " ",
            {
              "choices": [
                {
                  "text": "Ik",
                },
                {
                  "text": "Ir",
                },
              ],
              "confidence": 0.82539684,
              "height": 105,
              "text": "Dr",
              "type": "word",
              "width": 168,
              "x": 5676,
              "y": 3279,
            },
            " ",
            {
              "choices": [
                {
                  "text": "Reynold",
                },
              ],
              "confidence": 0.95238096,
              "height": 132,
              "text": "Reynolds",
              "type": "word",
              "width": 570,
              "x": 5937,
              "y": 3279,
            },
          ],
          "height": 246,
          "type": "line",
          "width": 2487,
          "x": 4020,
          "y": 3252,
        },
        {
          "children": [
            {
              "confidence": 0.82539684,
              "height": 69,
              "text": "an",
              "type": "word",
              "width": 141,
              "x": 4077,
              "y": 3471,
            },
            " ",
            {
              "confidence": 1,
              "height": 96,
              "text": "eye",
              "type": "word",
              "width": 207,
              "x": 4299,
              "y": 3471,
            },
            " ",
            {
              "choices": [
                {
                  "text": "pliitlist",
                },
                {
                  "text": "littlest",
                },
              ],
              "confidence": 0.95238096,
              "height": 132,
              "text": "specialist",
              "type": "word",
              "width": 597,
              "x": 4578,
              "y": 3438,
            },
            " ",
            {
              "choices": [
                {
                  "text": "aftei",
                },
              ],
              "confidence": 0.95238096,
              "height": 102,
              "text": "after",
              "type": "word",
              "width": 321,
              "x": 5277,
              "y": 3450,
            },
            " ",
            {
              "choices": [
                {
                  "text": "tlle",
                },
                {
                  "text": "elite",
                },
                {
                  "text": "tulle",
                },
              ],
              "confidence": 0.82539684,
              "height": 123,
              "text": "lite",
              "type": "word",
              "width": 189,
              "x": 5670,
              "y": 3429,
            },
            " ",
            {
              "choices": [
                {
                  "text": "exalnina",
                },
                {
                  "text": "examine",
                },
                {
                  "text": "exanimate",
                },
              ],
              "confidence": 0.82539684,
              "height": 108,
              "text": "examina",
              "type": "word",
              "width": 510,
              "x": 5931,
              "y": 3447,
            },
          ],
          "height": 141,
          "type": "line",
          "width": 2364,
          "x": 4077,
          "y": 3429,
        },
        {
          "children": [
            {
              "confidence": 1,
              "height": 90,
              "text": "cents",
              "type": "word",
              "width": 324,
              "x": 4056,
              "y": 5373,
            },
            " ",
            {
              "choices": [
                {
                  "text": "ancl",
                },
                {
                  "text": "8111",
                },
                {
                  "text": "encl",
                },
              ],
              "confidence": 0.95238096,
              "height": 105,
              "text": "and",
              "type": "word",
              "width": 222,
              "x": 4479,
              "y": 5361,
            },
            " ",
            {
              "choices": [
                {
                  "text": "GII",
                },
              ],
              "confidence": 0.96825397,
              "height": 105,
              "text": "GO",
              "type": "word",
              "width": 135,
              "x": 4767,
              "y": 5361,
            },
            " ",
            {
              "confidence": 1,
              "height": 108,
              "text": "of",
              "type": "word",
              "width": 132,
              "x": 4968,
              "y": 5358,
            },
            " ",
            {
              "choices": [
                {
                  "text": "Hcl1IY",
                },
                {
                  "text": "Ilenly",
                },
                {
                  "text": "Silently",
                },
              ],
              "confidence": 0.95238096,
              "height": 129,
              "text": "Henry",
              "type": "word",
              "width": 384,
              "x": 5163,
              "y": 5358,
            },
            " ",
            {
              "confidence": 0.96825397,
              "height": 105,
              "text": "C",
              "type": "word",
              "width": 81,
              "x": 5607,
              "y": 5355,
            },
            " ",
            {
              "choices": [
                {
                  "text": "lIall",
                },
                {
                  "text": "hail",
                },
                {
                  "text": "leally",
                },
              ],
              "confidence": 0.95238096,
              "height": 102,
              "text": "Hall",
              "type": "word",
              "width": 294,
              "x": 5793,
              "y": 5358,
            },
            " ",
            {
              "choices": [
                {
                  "text": "1el",
                },
              ],
              "confidence": 1,
              "height": 72,
              "hyphenStart": true,
              "text": "aver",
              "type": "word",
              "width": 276,
              "x": 6150,
              "y": 5388,
            },
          ],
          "height": 132,
          "type": "line",
          "width": 2370,
          "x": 4056,
          "y": 5355,
        },
        {
          "children": [
            {
              "choices": [
                {
                  "text": "agc",
                },
                {
                  "text": "ac",
                },
              ],
              "confidence": 1,
              "height": 90,
              "text": "age",
              "type": "word",
              "width": 213,
              "x": 4053,
              "y": 5556,
            },
            " ",
            {
              "confidence": 1,
              "height": 123,
              "text": "weight",
              "type": "word",
              "width": 399,
              "x": 4347,
              "y": 5523,
            },
            " ",
            {
              "choices": [
                {
                  "text": "14111",
                },
              ],
              "confidence": 0.82539684,
              "height": 96,
              "text": "1410",
              "type": "word",
              "width": 321,
              "x": 4839,
              "y": 5526,
            },
            " ",
            {
              "confidence": 0.82539684,
              "height": 63,
              "text": ">",
              "type": "word",
              "width": 27,
              "x": 5286,
              "y": 5556,
            },
            " ",
            {
              "choices": [
                {
                  "text": "bounds",
                },
              ],
              "confidence": 0.82539684,
              "height": 105,
              "text": "ounds",
              "type": "word",
              "width": 369,
              "x": 5325,
              "y": 5520,
            },
            " ",
            {
              "confidence": 1,
              "height": 96,
              "text": "at",
              "type": "word",
              "width": 132,
              "x": 5769,
              "y": 5529,
            },
            " ",
            {
              "choices": [
                {
                  "text": "6",
                },
                {
                  "text": "G",
                },
              ],
              "confidence": 0.82539684,
              "height": 102,
              "text": "0",
              "type": "word",
              "width": 63,
              "x": 5976,
              "y": 5520,
            },
            " ",
            {
              "choices": [
                {
                  "text": "ccnts",
                },
                {
                  "text": "accents",
                },
              ],
              "confidence": 1,
              "height": 99,
              "text": "cents",
              "type": "word",
              "width": 318,
              "x": 6123,
              "y": 5523,
            },
          ],
          "height": 126,
          "type": "line",
          "width": 2388,
          "x": 4053,
          "y": 5520,
        },
      ],
      "height": 1701,
      "type": "block",
      "width": 16026,
      "x": 294,
      "y": 972,
    },
  ],
  "features": [
    "CHOICES",
    "HYPHEN",
    "CONFIDENCE",
  ],
  "height": 25941,
  "imageSource": {
    "fileName": "
        \\\\\\\\libdpsrv1\\\\storage\\\\root\\\\projects\\\\NDNP\\\\win_19101017-19101231\\\\win_19101017-19101231-scan-1-\\\\ocr\\\\0070.tif",
  },
  "logicalPageNumber": "[1]",
  "physicalPageNumber": 1,
  "type": "page",
  "width": 20463,
}
`;

exports[`parseAltoPage > parses alto lines with shapes 1`] = `
{
  "children": [
    {
      "children": [
        {
          "children": [
            {
              "confidence": 0.82,
              "height": 96,
              "polygon": [
                {
                  "x": 325,
                  "y": 1456,
                },
                {
                  "x": 419,
                  "y": 1456,
                },
                {
                  "x": 419,
                  "y": 1552,
                },
                {
                  "x": 325,
                  "y": 1552,
                },
              ],
              "text": "EEn",
              "type": "word",
              "width": 94,
              "x": 325,
              "y": 1456,
            },
            " ",
            {
              "confidence": 0.82,
              "height": 43,
              "text": "F~iJJcher",
              "type": "word",
              "width": 152,
              "x": 500,
              "y": 1457,
            },
          ],
          "height": 96,
          "polygon": [
            {
              "x": 325,
              "y": 1456,
            },
            {
              "x": 1023,
              "y": 1456,
            },
            {
              "x": 1023,
              "y": 1504,
            },
            {
              "x": 419,
              "y": 1504,
            },
            {
              "x": 419,
              "y": 1552,
            },
            {
              "x": 325,
              "y": 1552,
            },
          ],
          "type": "line",
          "width": 698,
          "x": 325,
          "y": 1456,
        },
      ],
      "height": 198,
      "type": "block",
      "width": 785,
      "x": 318,
      "y": 1456,
    },
  ],
  "features": [
    "POLYGONS",
    "CONFIDENCE",
  ],
  "height": 2560,
  "imageSource": {
    "fileName": "shape.png",
  },
  "logicalPageNumber": "I",
  "physicalPageNumber": 1,
  "type": "page",
  "width": 1440,
}
`;

exports[`parseAltoPage > parses alto without explicitly encoded spaces 1`] = `
{
  "children": [
    {
      "children": [
        {
          "children": [
            {
              "confidence": 0.8095238,
              "height": 81,
              "text": "J",
              "type": "word",
              "width": 36,
              "x": 3960,
              "y": 981,
            },
            " ",
            {
              "confidence": 0.8095238,
              "height": 66,
              "text": "a",
              "type": "word",
              "width": 42,
              "x": 4032,
              "y": 993,
            },
            " ",
            {
              "confidence": 0.95238096,
              "height": 81,
              "text": "Ira",
              "type": "word",
              "width": 228,
              "x": 4143,
              "y": 972,
            },
            " ",
            {
              "confidence": 0.8095238,
              "height": 84,
              "text": "mj",
              "type": "word",
              "width": 81,
              "x": 4818,
              "y": 975,
            },
            " ",
            {
              "confidence": 0.8095238,
              "height": 63,
              "text": "iI",
              "type": "word",
              "width": 105,
              "x": 5586,
              "y": 984,
            },
            " ",
            {
              "confidence": 0.8095238,
              "height": 90,
              "text": "tE1r",
              "type": "word",
              "width": 810,
              "x": 6108,
              "y": 972,
            },
            " ",
            {
              "confidence": 0.8095238,
              "height": 51,
              "text": "3",
              "type": "word",
              "width": 27,
              "x": 7503,
              "y": 1008,
            },
          ],
          "height": 90,
          "type": "line",
          "width": 3570,
          "x": 3960,
          "y": 972,
        },
        {
          "children": [
            {
              "confidence": 0.8095238,
              "height": 39,
              "text": "i",
              "type": "word",
              "width": 24,
              "x": 6792,
              "y": 1065,
            },
          ],
          "height": 39,
          "type": "line",
          "width": 24,
          "x": 6792,
          "y": 1065,
        },
        {
          "children": [
            {
              "confidence": 0.8095238,
              "height": 42,
              "text": "c",
              "type": "word",
              "width": 30,
              "x": 2517,
              "y": 1125,
            },
          ],
          "height": 42,
          "type": "line",
          "width": 30,
          "x": 2517,
          "y": 1125,
        },
        {
          "children": [
            {
              "choices": [
                {
                  "text": "Jails",
                },
              ],
              "confidence": 0.8095238,
              "height": 1269,
              "text": "JiLas",
              "type": "word",
              "width": 2052,
              "x": 294,
              "y": 1404,
            },
            " ",
            {
              "confidence": 0.95238096,
              "height": 219,
              "text": "Edition",
              "type": "word",
              "width": 1023,
              "x": 2619,
              "y": 2184,
            },
            " ",
            {
              "choices": [
                {
                  "text": "TIIE",
                },
                {
                  "text": "TIE",
                },
              ],
              "confidence": 1,
              "height": 771,
              "text": "THE",
              "type": "word",
              "width": 1920,
              "x": 4320,
              "y": 1839,
            },
            " ",
            {
              "confidence": 1,
              "height": 792,
              "text": "WINCHESTER",
              "type": "word",
              "width": 6312,
              "x": 6744,
              "y": 1833,
            },
            " ",
            {
              "confidence": 1,
              "height": 771,
              "text": "NEWS",
              "type": "word",
              "width": 2736,
              "x": 13584,
              "y": 1824,
            },
          ],
          "height": 1269,
          "type": "line",
          "width": 16026,
          "x": 294,
          "y": 1404,
        },
        {
          "children": [
            {
              "confidence": 0.8095238,
              "height": 246,
              "text": "I",
              "type": "word",
              "width": 15,
              "x": 4020,
              "y": 3252,
            },
            " ",
            {
              "confidence": 1,
              "height": 108,
              "text": "her",
              "type": "word",
              "width": 201,
              "x": 4083,
              "y": 3270,
            },
            " ",
            {
              "choices": [
                {
                  "text": "inlurie",
                },
                {
                  "text": "inure",
                },
              ],
              "confidence": 0.95238096,
              "height": 132,
              "text": "injuries",
              "type": "word",
              "width": 480,
              "x": 4338,
              "y": 3270,
            },
            " ",
            {
              "choices": [
                {
                  "text": "W1S",
                },
                {
                  "text": "ams",
                },
                {
                  "text": "sis",
                },
                {
                  "text": "aims",
                },
              ],
              "confidence": 0.82539684,
              "height": 72,
              "text": "wsis",
              "type": "word",
              "width": 246,
              "x": 4872,
              "y": 3309,
            },
            " ",
            {
              "choices": [
                {
                  "text": "mncle",
                },
                {
                  "text": "manacle",
                },
              ],
              "confidence": 1,
              "height": 108,
              "text": "made",
              "type": "word",
              "width": 327,
              "x": 5181,
              "y": 3279,
            },
            " ",
            {
              "choices": [
                {
                  "text": "Ik",
                },
                {
                  "text": "Ir",
                },
              ],
              "confidence": 0.82539684,
              "height": 105,
              "text": "Dr",
              "type": "word",
              "width": 168,
              "x": 5676,
              "y": 3279,
            },
            " ",
            {
              "choices": [
                {
                  "text": "Reynold",
                },
              ],
              "confidence": 0.95238096,
              "height": 132,
              "text": "Reynolds",
              "type": "word",
              "width": 570,
              "x": 5937,
              "y": 3279,
            },
          ],
          "height": 246,
          "type": "line",
          "width": 2487,
          "x": 4020,
          "y": 3252,
        },
        {
          "children": [
            {
              "confidence": 0.82539684,
              "height": 69,
              "text": "an",
              "type": "word",
              "width": 141,
              "x": 4077,
              "y": 3471,
            },
            " ",
            {
              "confidence": 1,
              "height": 96,
              "text": "eye",
              "type": "word",
              "width": 207,
              "x": 4299,
              "y": 3471,
            },
            " ",
            {
              "choices": [
                {
                  "text": "pliitlist",
                },
                {
                  "text": "littlest",
                },
              ],
              "confidence": 0.95238096,
              "height": 132,
              "text": "specialist",
              "type": "word",
              "width": 597,
              "x": 4578,
              "y": 3438,
            },
            " ",
            {
              "choices": [
                {
                  "text": "aftei",
                },
              ],
              "confidence": 0.95238096,
              "height": 102,
              "text": "after",
              "type": "word",
              "width": 321,
              "x": 5277,
              "y": 3450,
            },
            " ",
            {
              "choices": [
                {
                  "text": "tlle",
                },
                {
                  "text": "elite",
                },
                {
                  "text": "tulle",
                },
              ],
              "confidence": 0.82539684,
              "height": 123,
              "text": "lite",
              "type": "word",
              "width": 189,
              "x": 5670,
              "y": 3429,
            },
            " ",
            {
              "choices": [
                {
                  "text": "exalnina",
                },
                {
                  "text": "examine",
                },
                {
                  "text": "exanimate",
                },
              ],
              "confidence": 0.82539684,
              "height": 108,
              "text": "examina",
              "type": "word",
              "width": 510,
              "x": 5931,
              "y": 3447,
            },
          ],
          "height": 141,
          "type": "line",
          "width": 2364,
          "x": 4077,
          "y": 3429,
        },
        {
          "children": [
            {
              "confidence": 1,
              "height": 90,
              "text": "cents",
              "type": "word",
              "width": 324,
              "x": 4056,
              "y": 5373,
            },
            " ",
            {
              "choices": [
                {
                  "text": "ancl",
                },
                {
                  "text": "8111",
                },
                {
                  "text": "encl",
                },
              ],
              "confidence": 0.95238096,
              "height": 105,
              "text": "and",
              "type": "word",
              "width": 222,
              "x": 4479,
              "y": 5361,
            },
            " ",
            {
              "choices": [
                {
                  "text": "GII",
                },
              ],
              "confidence": 0.96825397,
              "height": 105,
              "text": "GO",
              "type": "word",
              "width": 135,
              "x": 4767,
              "y": 5361,
            },
            " ",
            {
              "confidence": 1,
              "height": 108,
              "text": "of",
              "type": "word",
              "width": 132,
              "x": 4968,
              "y": 5358,
            },
            " ",
            {
              "choices": [
                {
                  "text": "Hcl1IY",
                },
                {
                  "text": "Ilenly",
                },
                {
                  "text": "Silently",
                },
              ],
              "confidence": 0.95238096,
              "height": 129,
              "text": "Henry",
              "type": "word",
              "width": 384,
              "x": 5163,
              "y": 5358,
            },
            " ",
            {
              "confidence": 0.96825397,
              "height": 105,
              "text": "C",
              "type": "word",
              "width": 81,
              "x": 5607,
              "y": 5355,
            },
            " ",
            {
              "choices": [
                {
                  "text": "lIall",
                },
                {
                  "text": "hail",
                },
                {
                  "text": "leally",
                },
              ],
              "confidence": 0.95238096,
              "height": 102,
              "text": "Hall",
              "type": "word",
              "width": 294,
              "x": 5793,
              "y": 5358,
            },
            " ",
            {
              "choices": [
                {
                  "text": "1el",
                },
              ],
              "confidence": 1,
              "height": 72,
              "hyphenStart": true,
              "text": "aver",
              "type": "word",
              "width": 276,
              "x": 6150,
              "y": 5388,
            },
          ],
          "height": 132,
          "type": "line",
          "width": 2370,
          "x": 4056,
          "y": 5355,
        },
        {
          "children": [
            {
              "choices": [
                {
                  "text": "agc",
                },
                {
                  "text": "ac",
                },
              ],
              "confidence": 1,
              "height": 90,
              "text": "age",
              "type": "word",
              "width": 213,
              "x": 4053,
              "y": 5556,
            },
            " ",
            {
              "confidence": 1,
              "height": 123,
              "text": "weight",
              "type": "word",
              "width": 399,
              "x": 4347,
              "y": 5523,
            },
            " ",
            {
              "choices": [
                {
                  "text": "14111",
                },
              ],
              "confidence": 0.82539684,
              "height": 96,
              "text": "1410",
              "type": "word",
              "width": 321,
              "x": 4839,
              "y": 5526,
            },
            " ",
            {
              "confidence": 0.82539684,
              "height": 63,
              "text": ">",
              "type": "word",
              "width": 27,
              "x": 5286,
              "y": 5556,
            },
            " ",
            {
              "choices": [
                {
                  "text": "bounds",
                },
              ],
              "confidence": 0.82539684,
              "height": 105,
              "text": "ounds",
              "type": "word",
              "width": 369,
              "x": 5325,
              "y": 5520,
            },
            " ",
            {
              "confidence": 1,
              "height": 96,
              "text": "at",
              "type": "word",
              "width": 132,
              "x": 5769,
              "y": 5529,
            },
            " ",
            {
              "choices": [
                {
                  "text": "6",
                },
                {
                  "text": "G",
                },
              ],
              "confidence": 0.82539684,
              "height": 102,
              "text": "0",
              "type": "word",
              "width": 63,
              "x": 5976,
              "y": 5520,
            },
            " ",
            {
              "choices": [
                {
                  "text": "ccnts",
                },
                {
                  "text": "accents",
                },
              ],
              "confidence": 1,
              "height": 99,
              "text": "cents",
              "type": "word",
              "width": 318,
              "x": 6123,
              "y": 5523,
            },
          ],
          "height": 126,
          "type": "line",
          "width": 2388,
          "x": 4053,
          "y": 5520,
        },
      ],
      "height": 1701,
      "type": "block",
      "width": 16026,
      "x": 294,
      "y": 972,
    },
  ],
  "features": [
    "CHOICES",
    "HYPHEN",
    "CONFIDENCE",
  ],
  "height": 25941,
  "imageSource": {
    "fileName": "
        \\\\\\\\libdpsrv1\\\\storage\\\\root\\\\projects\\\\NDNP\\\\win_19101017-19101231\\\\win_19101017-19101231-scan-1-\\\\ocr\\\\0070.tif",
  },
  "logicalPageNumber": "[1]",
  "physicalPageNumber": 1,
  "type": "page",
  "width": 20463,
}
`;
