// Vitest Snapshot v1, https://vitest.dev/guide/snapshot.html

exports[`hOCR parser > should be able to handle a hOCR doc with alternatives 2`] = `
[
  {
    "children": [
      {
        "height": 504,
        "hyphenStart": false,
        "text": "i",
        "type": "word",
        "width": 348,
        "x": 19326,
        "y": 246,
      },
    ],
    "height": 504,
    "type": "line",
    "width": 348,
    "x": 19326,
    "y": 246,
  },
  {
    "children": [
      {
        "height": 297,
        "hyphenStart": false,
        "text": "IIi",
        "type": "word",
        "width": 51,
        "x": 744,
        "y": 720,
      },
    ],
    "height": 297,
    "type": "line",
    "width": 51,
    "x": 744,
    "y": 720,
  },
  {
    "children": [
      {
        "height": 636,
        "hyphenStart": false,
        "text": "IiI",
        "type": "word",
        "width": 63,
        "x": 732,
        "y": 846,
      },
      " ",
      {
        "height": 912,
        "hyphenStart": false,
        "text": "j",
        "type": "word",
        "width": 72,
        "x": 1272,
        "y": 573,
      },
    ],
    "height": 912,
    "type": "line",
    "width": 612,
    "x": 732,
    "y": 573,
  },
  {
    "children": [
      {
        "height": 456,
        "hyphenStart": false,
        "text": "I",
        "type": "word",
        "width": 30,
        "x": 732,
        "y": 1026,
      },
    ],
    "height": 456,
    "type": "line",
    "width": 30,
    "x": 732,
    "y": 1026,
  },
  {
    "children": [
      {
        "height": 252,
        "hyphenStart": false,
        "text": "I",
        "type": "word",
        "width": 30,
        "x": 1200,
        "y": 1236,
      },
      " ",
      {
        "height": 132,
        "hyphenStart": false,
        "text": "i",
        "type": "word",
        "width": 18,
        "x": 1380,
        "y": 1242,
      },
      " ",
      {
        "height": 138,
        "hyphenStart": false,
        "text": "II",
        "type": "word",
        "width": 84,
        "x": 2148,
        "y": 1314,
      },
      " ",
      {
        "height": 117,
        "hyphenStart": false,
        "text": "THE",
        "type": "word",
        "width": 333,
        "x": 7878,
        "y": 1305,
      },
      " ",
      {
        "height": 120,
        "hyphenStart": false,
        "text": "STANDARD",
        "type": "word",
        "width": 894,
        "x": 8373,
        "y": 1305,
      },
      " ",
      {
        "height": 117,
        "hyphenStart": false,
        "text": "OGDEN",
        "type": "word",
        "width": 564,
        "x": 9504,
        "y": 1299,
      },
      " ",
      {
        "choices": [
          {
            "text": "UTAR",
          },
          {
            "text": "VTA",
          },
        ],
        "height": 120,
        "hyphenStart": false,
        "text": "UTAH",
        "type": "word",
        "width": 468,
        "x": 10254,
        "y": 1308,
      },
      " ",
      {
        "height": 120,
        "hyphenStart": false,
        "text": "SATURDAY",
        "type": "word",
        "width": 903,
        "x": 10917,
        "y": 1305,
      },
      " ",
      {
        "height": 138,
        "hyphenStart": false,
        "text": "AUGUST",
        "type": "word",
        "width": 657,
        "x": 12012,
        "y": 1302,
      },
      " ",
      {
        "height": 120,
        "hyphenStart": false,
        "text": "7",
        "type": "word",
        "width": 81,
        "x": 12822,
        "y": 1326,
      },
      " ",
      {
        "choices": [
          {
            "text": "1900",
          },
        ],
        "height": 126,
        "hyphenStart": false,
        "text": "1909",
        "type": "word",
        "width": 306,
        "x": 13095,
        "y": 1320,
      },
      " ",
      {
        "height": 216,
        "hyphenStart": false,
        "text": "j",
        "type": "word",
        "width": 72,
        "x": 19326,
        "y": 1272,
      },
    ],
    "height": 252,
    "type": "line",
    "width": 18198,
    "x": 1200,
    "y": 1236,
  },
]
`;

exports[`hOCR parser > should be able to handle lines with only empty words 1`] = `
[
  {
    "children": [],
    "height": 1225,
    "type": "line",
    "width": 771,
    "x": 0,
    "y": 0,
  },
  {
    "children": [],
    "height": 1,
    "type": "line",
    "width": 1,
    "x": 0,
    "y": 0,
  },
]
`;

exports[`hOCR parser > should parse a simple hOCR document 1`] = `
{
  "children": [
    {
      "children": [
        {
          "children": [
            {
              "baseline": [
                {
                  "x": 100,
                  "y": 198,
                },
                {
                  "x": 500,
                  "y": 176.8,
                },
              ],
              "children": [
                {
                  "confidence": 0.94,
                  "height": 20,
                  "hyphenStart": false,
                  "text": "Hello",
                  "type": "word",
                  "width": 50,
                  "x": 100,
                  "y": 200,
                },
                " ",
                {
                  "confidence": 0.95,
                  "height": 20,
                  "hyphenStart": false,
                  "text": "World,",
                  "type": "word",
                  "width": 50,
                  "x": 200,
                  "y": 200,
                },
                " ",
                {
                  "confidence": 0.96,
                  "height": 20,
                  "hyphenStart": false,
                  "text": "how",
                  "type": "word",
                  "width": 50,
                  "x": 260,
                  "y": 200,
                },
                " ",
                {
                  "confidence": 0.97,
                  "height": 20,
                  "hyphenStart": false,
                  "text": "are",
                  "type": "word",
                  "width": 50,
                  "x": 320,
                  "y": 200,
                },
                " ",
                {
                  "confidence": 0.98,
                  "height": 20,
                  "hyphenStart": false,
                  "text": "the",
                  "type": "word",
                  "width": 50,
                  "x": 380,
                  "y": 200,
                },
                " ",
                {
                  "confidence": 0.98,
                  "height": 20,
                  "hyphenStart": true,
                  "text": "Nightin",
                  "type": "word",
                  "width": 50,
                  "x": 400,
                  "y": 200,
                },
              ],
              "height": 20,
              "type": "line",
              "width": 400,
              "x": 100,
              "y": 200,
            },
            {
              "baseline": [
                {
                  "x": 100,
                  "y": 258,
                },
                {
                  "x": 500,
                  "y": 236.8,
                },
              ],
              "children": [
                {
                  "confidence": 0.94,
                  "height": 20,
                  "hyphenStart": false,
                  "text": "gales",
                  "type": "word",
                  "width": 50,
                  "x": 100,
                  "y": 280,
                },
              ],
              "height": 20,
              "type": "line",
              "width": 400,
              "x": 100,
              "y": 260,
            },
          ],
          "height": undefined,
          "type": "paragraph",
          "width": undefined,
          "x": undefined,
          "y": undefined,
        },
      ],
      "height": 200,
      "type": "block",
      "width": 400,
      "x": 100,
      "y": 200,
    },
  ],
  "features": [
    "HYPHEN",
    "CONFIDENCE",
  ],
  "height": 600,
  "imageSource": {
    "fileName": "sample.jpg",
  },
  "physicalPageNumber": 0,
  "type": "page",
  "width": 800,
}
`;
